// Jest Snapshot v1, https://goo.gl/fbAQLP

exports[`Contact Container Renders 1`] = `
<Contact>
  <div>
    <h2>
      Contact Us
    </h2>
    <p>
      Spare ribs short ribs ham sirloin. Sausage andouille filet mignon frankfurter spare ribs sirloin buffalo t-bone hamburger drumstick strip steak brisket turducken jowl leberkas. Kielbasa meatball bacon tongue pork loin. Ham tri-tip pancetta, fatback ball tip andouille jowl porchetta ground round. Prosciutto bacon ham hock bresaola meatball chicken sirloin pork tongue burgdoggen pork chop. Rump kielbasa jowl chicken, filet mignon fatback buffalo meatball spare ribs beef tri-tip.
    </p>
  </div>
</Contact>
`;

exports[`Contact Page Renders 1`] = `
<Contact>
  <div>
    <h2>
      Contact Us
    </h2>
    <p>
      Spare ribs short ribs ham sirloin. Sausage andouille filet mignon frankfurter spare ribs sirloin buffalo t-bone hamburger drumstick strip steak brisket turducken jowl leberkas. Kielbasa meatball bacon tongue pork loin. Ham tri-tip pancetta, fatback ball tip andouille jowl porchetta ground round. Prosciutto bacon ham hock bresaola meatball chicken sirloin pork tongue burgdoggen pork chop. Rump kielbasa jowl chicken, filet mignon fatback buffalo meatball spare ribs beef tri-tip.
    </p>
  </div>
</Contact>
`;
